Fetching distribution.
Downloading https://services.gradle.org/distributions/gradle-9.7.1-bin.zip
..............10%..............20%...............30%..............40%...............50%..............60%...............70%..............80%..............90%...............100%

Welcome to Gradle 9.7.1!

Here are the highlights of this release:
 - Isolated Projects graduates to incubating
 - Broader Configuration Cache compatibility
 - Resilient Sync helps you fix broken builds
 - More source locations in problem reports

For more details see https://docs.gradle.org/9.7.1/release-notes.html

Starting a Gradle Daemon (subsequent builds will be faster)

> Configure project :
Fabric Loom: 1.18.4

> Task :compileJava
Note: /home/runner/work/SkyCraft/SkyCraft/fabric/src/main/java/dev/skycraft/world/SkyDig.java uses or overrides a deprecated API.
Note: Recompile with -Xlint:deprecation for details.

> Task :processResources
> Task :classes

> Task :compileClientJava
Note: Some input files use or override a deprecated API.
Note: Recompile with -Xlint:deprecation for details.

> Task :processClientResources
> Task :processIncludeJars
> Task :jar
> Task :sourcesJar
> Task :assemble
> Task :clientClasses
> Task :compileTestJava
> Task :processTestResources NO-SOURCE
> Task :testClasses

> Task :test

SkyRayTest > normalFacesRayFromBelow() PASSED

SkyRayTest > ignoresInvisibleStairRamps() PASSED

SkyRayTest > picksNearestOfSeveralSurfaces() PASSED

SkyRayTest > placedBlockSitsOnGroundSlightlySunk() PASSED

SkyRayTest > missesWhenSegmentStopsShort() PASSED

SkyRayTest > dominantFaceMatchesMinecraftDirectionOrder() PASSED

SkyRayTest > placementHitStaysWithinServerReachCheck() PASSED

SkyRayTest > hitsGroundFromAbove() PASSED

SkyRayTest > projectileSticksInTheSurfaceCell() PASSED

TriColliderTest > steepSlopeBlocksWalking() PASSED

TriColliderTest > walksUpAThirtyDegreeSlopeSmoothly() PASSED

TriColliderTest > ceilingStopsAJump() PASSED

TriColliderTest > unobstructedMovementIsReturnedBitForBit() PASSED

TriColliderTest > standsOnFlatGround() PASSED

TriColliderTest > wallStopsAtRadius() PASSED

TriColliderTest > slidesAlongADiagonalWall() PASSED

TriColliderTest > fullJumpArcIsNotCutShort() PASSED

TriColliderTest > fullBlockLedgeBlocks() PASSED

TriColliderTest > landsFromAFall() PASSED

TriColliderTest > stepsUpHalfBlockLedge() PASSED

TriColliderTest > sticksToGroundWalkingDownhill() PASSED

> Task :validateAccessWidener NO-SOURCE
> Task :check
> Task :build

[Incubating] Problems report is available at: file:///home/runner/work/SkyCraft/SkyCraft/fabric/build/reports/problems/problems-report.html

Deprecated Gradle features were used in this build, making it incompatible with Gradle 10.

You can use '--warning-mode all' to show the individual deprecation warnings and determine if they come from your own scripts or plugins.

For more on this, please refer to https://docs.gradle.org/9.7.1/userguide/command_line_interface.html#sec:command_line_warnings in the Gradle documentation.

BUILD SUCCESSFUL in 52s
9 actionable tasks: 9 executed
